// Jest Snapshot v1, https://goo.gl/fbAQLP

exports[`Counter Component matches the snapshot 1`] = `
<div>
  <p>
    Current Count: 
    0
  </p>
  <button
    className="increment"
    onClick={[Function]}
  >
    +++
  </button>
  <button
    className="decrement"
    onClick={[Function]}
  >
    ---
  </button>
</div>
`;
